App.tsx(530,3): error TS1128: Declaration or statement expected.
